SUCCESS: abs_test.py
SUCCESS: backfill_scores.py
SUCCESS: check_audio.py
SUCCESS: check_groq.py
SUCCESS: check_migration.py
SUCCESS: check_roadmap_db.py
SUCCESS: check_roadmap_db_out.txt
SUCCESS: compile_out.txt
SUCCESS: compile_test.py
SUCCESS: db_output.txt
SUCCESS: diag_all_issues.py
SUCCESS: diag_audio_issue.py
SUCCESS: do_cleanup.py
SUCCESS: install_and_test.py
SUCCESS: investigate_db.py
SUCCESS: investigate_output.txt
SUCCESS: makemigrations_out.txt
SUCCESS: out.txt
SUCCESS: out2.txt
SUCCESS: powershell.bat
SUCCESS: query_audio.py
SUCCESS: results.txt
SUCCESS: run_me.bat
SUCCESS: run_tests.py
SUCCESS: run_verification.py
SUCCESS: run_verify.bat
SUCCESS: run_verify_roadmap_cmd.py
SUCCESS: simple_mig.py
SUCCESS: temp_render_reset_email.py
SUCCESS: test_camera.py
SUCCESS: test_csrf_assessment_flow.py
SUCCESS: test_django.py
SUCCESS: test_hello.py
SUCCESS: test_ml_out.txt
SUCCESS: test_output.txt
SUCCESS: test_roadmap_standalone.py
SUCCESS: verify_all_steps.py
SUCCESS: verify_e2e.py
SUCCESS: verify_pipeline.py
SUCCESS: verify_roadmap.py
SUCCESS: verify_script.py
SUCCESS: verify_security.py
SUCCESS: verify_step1_and_2.py
SUCCESS: verify_sample.webm
SUCCESS: verify_speech.wav
SUCCESS: verify_speech.webm
SUCCESS: .gitdiff_output.txt
